../Core/Src/dev.c:23:20:ring_init	16	static
../Core/Src/dev.c:29:19:ring_push	24	static
../Core/Src/dev.c:38:19:ring_pop	16	static
../Core/Src/dev.c:88:13:dwt_init	4	static
../Core/Src/dev.c:99:13:delay_us	32	static
../Core/Src/dev.c:107:20:cs_low	8	static
../Core/Src/dev.c:113:20:cs_high	8	static
../Core/Src/dev.c:119:13:print	16	static
../Core/Src/dev.c:124:13:print_menu	8	static
../Core/Src/dev.c:136:13:announce_mode	16	static
../Core/Src/dev.c:149:13:dev_uart_task	16	static
../Core/Src/dev.c:178:13:dev_spi_task	24	static
../Core/Src/dev.c:215:13:dev_can_task	96	static
../Core/Src/dev.c:242:13:dev_menu_task	16	static
../Core/Src/dev.c:272:6:Dev_Init	8	static
../Core/Src/dev.c:297:6:Dev_Poll	16	static
../Core/Src/dev.c:333:6:Dev_UART_RxCpltCallback	16	static
../Core/Src/dev.c:347:6:Dev_UART_ErrorCallback	16	static
