../Core/Src/dev.c:22:20:ring_init	16	static
../Core/Src/dev.c:28:19:ring_push	24	static
../Core/Src/dev.c:37:19:ring_pop	16	static
../Core/Src/dev.c:85:13:dwt_init	4	static
../Core/Src/dev.c:96:13:delay_us	32	static
../Core/Src/dev.c:104:20:cs_low	8	static
../Core/Src/dev.c:110:20:cs_high	8	static
../Core/Src/dev.c:116:13:print	16	static
../Core/Src/dev.c:121:13:print_menu	8	static
../Core/Src/dev.c:132:13:announce_mode	16	static
../Core/Src/dev.c:142:13:dev_uart_task	16	static
../Core/Src/dev.c:171:13:dev_spi_task	24	static
../Core/Src/dev.c:208:13:dev_menu_task	16	static
../Core/Src/dev.c:233:6:Dev_Init	8	static
../Core/Src/dev.c:257:6:Dev_Poll	16	static
../Core/Src/dev.c:289:6:Dev_UART_RxCpltCallback	16	static
../Core/Src/dev.c:304:6:Dev_UART_ErrorCallback	16	static
