../Core/Src/main.c:561:5:main	8	static
../Core/Src/main.c:607:6:SystemClock_Config	128	static
../Core/Src/main.c:635:13:SystemPower_Config	8	static
../Core/Src/main.c:653:13:MX_ICACHE_Init	8	static
../Core/Src/main.c:664:13:MX_SPI1_Init	24	static
../Core/Src/main.c:704:13:MX_USART1_UART_Init	8	static
../Core/Src/main.c:735:13:MX_USART2_UART_Init	8	static
../Core/Src/main.c:766:13:MX_GPIO_Init	48	static
../Core/Src/main.c:817:6:HAL_UART_RxCpltCallback	16	static
../Core/Src/main.c:822:6:HAL_UART_ErrorCallback	16	static
../Core/Src/main.c:832:6:Error_Handler	4	static,ignoring_inline_asm
