../Core/Src/main.c:573:13:PrintMenu	16	static
../Core/Src/main.c:584:13:AnnounceMode	24	static
../Core/Src/main.c:597:5:main	16	static
../Core/Src/main.c:677:6:SystemClock_Config	128	static
../Core/Src/main.c:705:13:SystemPower_Config	8	static
../Core/Src/main.c:723:13:MX_ICACHE_Init	8	static
../Core/Src/main.c:734:13:MX_SPI1_Init	24	static
../Core/Src/main.c:774:13:MX_USART1_UART_Init	8	static
../Core/Src/main.c:805:13:MX_USART2_UART_Init	8	static
../Core/Src/main.c:836:13:MX_GPIO_Init	48	static
../Core/Src/main.c:880:13:MX_NVIC_UserInit	8	static
../Core/Src/main.c:890:6:HAL_UART_RxCpltCallback	24	static
../Core/Src/main.c:927:6:HAL_UART_ErrorCallback	16	static
../Core/Src/main.c:938:6:Error_Handler	4	static,ignoring_inline_asm
