../Core/Src/main.c:573:13:PrintMenu	1
../Core/Src/main.c:584:13:AnnounceMode	2
../Core/Src/main.c:597:5:main	5
../Core/Src/main.c:677:6:SystemClock_Config	4
../Core/Src/main.c:705:13:SystemPower_Config	3
../Core/Src/main.c:723:13:MX_ICACHE_Init	3
../Core/Src/main.c:734:13:MX_SPI1_Init	3
../Core/Src/main.c:774:13:MX_USART1_UART_Init	2
../Core/Src/main.c:805:13:MX_USART2_UART_Init	2
../Core/Src/main.c:836:13:MX_GPIO_Init	1
../Core/Src/main.c:880:13:MX_NVIC_UserInit	1
../Core/Src/main.c:890:6:HAL_UART_RxCpltCallback	14
../Core/Src/main.c:927:6:HAL_UART_ErrorCallback	3
../Core/Src/main.c:938:6:Error_Handler	1
